Initializing document watcher...
Document watcher initialized
nekofell908/main.py: {"tabSize":4,"indentSize":4,"insertSpaces":true,"cursorStyle":1,"lineNumbers":1}
nekofell908/main.py: {"tabSize":4,"indentSize":4,"insertSpaces":true,"cursorStyle":1,"lineNumbers":1}
nekofell908/main.py: {"tabSize":4,"indentSize":4,"insertSpaces":true,"cursorStyle":1,"lineNumbers":1}
nekofell908/main.py: {"tabSize":4,"indentSize":4,"insertSpaces":true,"cursorStyle":1,"lineNumbers":1}
nekofell908/main.py: {"tabSize":4,"indentSize":4,"insertSpaces":true,"cursorStyle":1,"lineNumbers":1}
nekofell908/main.py: {"tabSize":4,"indentSize":4,"insertSpaces":true,"cursorStyle":1,"lineNumbers":1}
nekofell908/main.py: {"tabSize":4,"indentSize":4,"insertSpaces":true,"cursorStyle":1,"lineNumbers":1}
nekofell908/main.py: {"tabSize":4,"indentSize":4,"insertSpaces":true,"cursorStyle":1,"lineNumbers":1}
nekofell908/main.py: {"tabSize":4,"indentSize":4,"insertSpaces":true,"cursorStyle":1,"lineNumbers":1}
nekofell908/main.py: {"tabSize":4,"indentSize":4,"insertSpaces":true,"cursorStyle":1,"lineNumbers":1}
nekofell908/main.py: {"tabSize":4,"indentSize":4,"insertSpaces":true,"cursorStyle":1,"lineNumbers":1}
nekofell908/main.py: {"tabSize":4,"indentSize":4,"insertSpaces":true,"cursorStyle":1,"lineNumbers":1}
nekofell908/main.py: Using EditorConfig core...
nekofell908/main.py: {"tabSize":4,"indentSize":4,"insertSpaces":true,"cursorStyle":1,"lineNumbers":1}
nekofell908/main.py: {"tabSize":4,"indentSize":4,"insertSpaces":true,"cursorStyle":1,"lineNumbers":1}
nekofell908/main.py: {"tabSize":4,"indentSize":4,"insertSpaces":true,"cursorStyle":1,"lineNumbers":1}
nekofell908/main.py: Using EditorConfig core...
nekofell908/main.py: {"tabSize":4,"indentSize":4,"insertSpaces":true,"cursorStyle":1,"lineNumbers":1}
No more open editors.
nekofell908/unbiased-ai-frontend/src/components/WhatIfSimulator.jsx: {"tabSize":2,"indentSize":2,"insertSpaces":true,"cursorStyle":1,"lineNumbers":1}
nekofell908/unbiased-ai-frontend/src/components/WhatIfSimulator.jsx: {"tabSize":2,"indentSize":2,"insertSpaces":true,"cursorStyle":1,"lineNumbers":1}
nekofell908/unbiased-ai-frontend/src/components/WhatIfSimulator.jsx: {"tabSize":2,"indentSize":2,"insertSpaces":true,"cursorStyle":1,"lineNumbers":1}
nekofell908/unbiased-ai-frontend/src/components/WhatIfSimulator.jsx: Using EditorConfig core...
nekofell908/unbiased-ai-frontend/src/components/WhatIfSimulator.jsx: Using EditorConfig core...
nekofell908/unbiased-ai-frontend/src/components/WhatIfSimulator.jsx: {"tabSize":2,"indentSize":2,"insertSpaces":true,"cursorStyle":1,"lineNumbers":1}
nekofell908/unbiased-ai-frontend/src/components/WhatIfSimulator.jsx: {"tabSize":2,"indentSize":2,"insertSpaces":true,"cursorStyle":1,"lineNumbers":1}
