2026-04-24 17:05:54.212 [info] [main] Log level: Info
2026-04-24 17:05:54.212 [info] [main] Validating found git in: "git"
2026-04-24 17:05:54.212 [info] [main] Using git "2.43.0" from "git"
2026-04-24 17:05:54.212 [info] [Model][doInitialScan] Initial repository scan started
2026-04-24 17:05:54.212 [info] > git rev-parse --show-toplevel [5ms]
2026-04-24 17:05:54.212 [info] > git rev-parse --git-dir --git-common-dir --show-superproject-working-tree [4ms]
2026-04-24 17:05:54.309 [info] [Model][openRepository] Opened repository (path): /home/nekofell908
2026-04-24 17:05:54.309 [info] [Model][openRepository] Opened repository (real path): /home/nekofell908
2026-04-24 17:05:54.309 [info] [Model][openRepository] Opened repository (kind): repository
2026-04-24 17:05:54.330 [info] > git config --get commit.template [14ms]
2026-04-24 17:05:54.350 [info] > git rev-parse --show-toplevel [30ms]
2026-04-24 17:05:54.361 [info] > git rev-parse --show-toplevel [2ms]
2026-04-24 17:05:54.371 [info] > git rev-parse --show-toplevel [2ms]
2026-04-24 17:05:54.377 [info] > git rev-parse --show-toplevel [2ms]
2026-04-24 17:05:54.383 [info] > git rev-parse --show-toplevel [1ms]
2026-04-24 17:05:54.389 [info] > git rev-parse --show-toplevel [2ms]
2026-04-24 17:05:54.395 [info] > git rev-parse --show-toplevel [2ms]
2026-04-24 17:05:54.403 [info] > git rev-parse --show-toplevel [2ms]
2026-04-24 17:05:54.404 [info] [Model][doInitialScan] Initial repository scan completed - repositories (1), closed repositories (0), parent repositories (0), unsafe repositories (0)
2026-04-24 17:05:54.411 [info] > git for-each-ref --format=%(refname)%00%(upstream:short)%00%(objectname)%00%(upstream:track)%00%(upstream:remotename)%00%(upstream:remoteref) refs/heads/main refs/remotes/main [57ms]
2026-04-24 17:05:54.426 [info] > git for-each-ref --sort -committerdate --format %(refname)%00%(objectname)%00%(*objectname) [3ms]
2026-04-24 17:05:54.629 [info] > git status -z -uall [211ms]
2026-04-24 17:05:58.309 [info] > git for-each-ref --format=%(refname)%00%(upstream:short)%00%(objectname)%00%(upstream:track)%00%(upstream:remotename)%00%(upstream:remoteref) refs/heads/main refs/remotes/main [3460ms]
2026-04-24 17:05:58.406 [info] > git check-ignore -v -z --stdin [73ms]
2026-04-24 17:05:58.408 [info] > git config --get --local branch.main.vscode-merge-base [81ms]
2026-04-24 17:05:58.408 [warning] [Git][config] git config failed: Failed to execute git
2026-04-24 17:05:58.414 [info] > git config --get commit.template [2453ms]
2026-04-24 17:05:58.437 [info] > git reflog main --grep-reflog=branch: Created from *. [24ms]
2026-04-24 17:05:58.445 [info] > git for-each-ref --format=%(refname)%00%(upstream:short)%00%(objectname)%00%(upstream:track)%00%(upstream:remotename)%00%(upstream:remoteref) refs/heads/main refs/remotes/main [14ms]
2026-04-24 17:05:58.447 [info] > git symbolic-ref --short refs/remotes/origin/HEAD [4ms]
2026-04-24 17:05:58.447 [info] fatal: ref refs/remotes/origin/HEAD is not a symbolic ref
2026-04-24 17:05:58.447 [warning] [Repository][getDefaultBranch] Failed to get default branch details: Failed to execute git.
2026-04-24 17:05:58.467 [info] > git merge-base refs/heads/main refs/remotes/origin/main [12ms]
2026-04-24 17:05:58.490 [info] > git diff --raw --numstat --diff-filter=ADMR -z --find-renames=50% 2ae9d5204c3facc8c3eacc01bb797b5c74de224c...refs/remotes/origin/main -- [16ms]
2026-04-24 17:05:58.494 [info] > git for-each-ref --sort -committerdate --format %(refname)%00%(objectname)%00%(*objectname) [7ms]
2026-04-24 17:05:58.552 [info] > git status -z -uall [71ms]
2026-04-24 17:06:59.140 [info] > git config --get commit.template [2ms]
2026-04-24 17:06:59.155 [info] > git for-each-ref --format=%(refname)%00%(upstream:short)%00%(objectname)%00%(upstream:track)%00%(upstream:remotename)%00%(upstream:remoteref) refs/heads/main refs/remotes/main [6ms]
2026-04-24 17:06:59.182 [info] > git for-each-ref --sort -committerdate --format %(refname)%00%(objectname)%00%(*objectname) [4ms]
2026-04-24 17:06:59.233 [info] > git status -z -uall [67ms]
2026-04-24 17:07:04.332 [info] > git config --get commit.template [11ms]
2026-04-24 17:07:04.333 [info] > git for-each-ref --format=%(refname)%00%(upstream:short)%00%(objectname)%00%(upstream:track)%00%(upstream:remotename)%00%(upstream:remoteref) refs/heads/main refs/remotes/main [3ms]
2026-04-24 17:07:04.358 [info] > git for-each-ref --sort -committerdate --format %(refname)%00%(objectname)%00%(*objectname) [3ms]
2026-04-24 17:07:04.407 [info] > git status -z -uall [64ms]
2026-04-24 17:07:04.495 [info] > git check-ignore -v -z --stdin [2ms]
2026-04-24 17:07:09.503 [info] > git config --get commit.template [10ms]
2026-04-24 17:07:09.505 [info] > git for-each-ref --format=%(refname)%00%(upstream:short)%00%(objectname)%00%(upstream:track)%00%(upstream:remotename)%00%(upstream:remoteref) refs/heads/main refs/remotes/main [3ms]
2026-04-24 17:07:09.527 [info] > git for-each-ref --sort -committerdate --format %(refname)%00%(objectname)%00%(*objectname) [3ms]
2026-04-24 17:07:09.572 [info] > git status -z -uall [59ms]
2026-04-24 17:07:18.262 [info] > git config --get commit.template [13ms]
2026-04-24 17:07:18.264 [info] > git for-each-ref --format=%(refname)%00%(upstream:short)%00%(objectname)%00%(upstream:track)%00%(upstream:remotename)%00%(upstream:remoteref) refs/heads/main refs/remotes/main [2ms]
2026-04-24 17:07:18.287 [info] > git for-each-ref --sort -committerdate --format %(refname)%00%(objectname)%00%(*objectname) [1ms]
2026-04-24 17:07:18.333 [info] > git status -z -uall [61ms]
2026-04-24 17:07:33.949 [info] > git config --get commit.template [10ms]
2026-04-24 17:07:33.950 [info] > git for-each-ref --format=%(refname)%00%(upstream:short)%00%(objectname)%00%(upstream:track)%00%(upstream:remotename)%00%(upstream:remoteref) refs/heads/main refs/remotes/main [2ms]
2026-04-24 17:07:33.970 [info] > git for-each-ref --sort -committerdate --format %(refname)%00%(objectname)%00%(*objectname) [3ms]
2026-04-24 17:07:34.009 [info] > git status -z -uall [50ms]
2026-04-24 17:08:56.281 [info] > git config --get commit.template [42ms]
2026-04-24 17:08:56.282 [info] > git for-each-ref --format=%(refname)%00%(upstream:short)%00%(objectname)%00%(upstream:track)%00%(upstream:remotename)%00%(upstream:remoteref) refs/heads/main refs/remotes/main [2ms]
2026-04-24 17:08:56.304 [info] > git for-each-ref --sort -committerdate --format %(refname)%00%(objectname)%00%(*objectname) [2ms]
2026-04-24 17:08:56.352 [info] > git status -z -uall [61ms]
2026-04-24 17:09:01.446 [info] > git config --get commit.template [11ms]
2026-04-24 17:09:01.447 [info] > git for-each-ref --format=%(refname)%00%(upstream:short)%00%(objectname)%00%(upstream:track)%00%(upstream:remotename)%00%(upstream:remoteref) refs/heads/main refs/remotes/main [2ms]
2026-04-24 17:09:01.472 [info] > git for-each-ref --sort -committerdate --format %(refname)%00%(objectname)%00%(*objectname) [2ms]
2026-04-24 17:09:01.509 [info] > git status -z -uall [49ms]
2026-04-24 17:09:03.530 [info] > git check-ignore -v -z --stdin [2ms]
2026-04-24 17:09:06.582 [info] > git config --get commit.template [10ms]
2026-04-24 17:09:06.583 [info] > git for-each-ref --format=%(refname)%00%(upstream:short)%00%(objectname)%00%(upstream:track)%00%(upstream:remotename)%00%(upstream:remoteref) refs/heads/main refs/remotes/main [3ms]
2026-04-24 17:09:06.603 [info] > git for-each-ref --sort -committerdate --format %(refname)%00%(objectname)%00%(*objectname) [3ms]
2026-04-24 17:09:06.644 [info] > git status -z -uall [52ms]
2026-04-24 17:09:15.380 [info] > git config --get commit.template [10ms]
2026-04-24 17:09:15.381 [info] > git for-each-ref --format=%(refname)%00%(upstream:short)%00%(objectname)%00%(upstream:track)%00%(upstream:remotename)%00%(upstream:remoteref) refs/heads/main refs/remotes/main [2ms]
2026-04-24 17:09:15.401 [info] > git for-each-ref --sort -committerdate --format %(refname)%00%(objectname)%00%(*objectname) [2ms]
2026-04-24 17:09:15.439 [info] > git status -z -uall [49ms]
2026-04-24 17:09:32.105 [info] > git config --get commit.template [9ms]
2026-04-24 17:09:32.107 [info] > git for-each-ref --format=%(refname)%00%(upstream:short)%00%(objectname)%00%(upstream:track)%00%(upstream:remotename)%00%(upstream:remoteref) refs/heads/main refs/remotes/main [3ms]
2026-04-24 17:09:32.127 [info] > git for-each-ref --sort -committerdate --format %(refname)%00%(objectname)%00%(*objectname) [2ms]
2026-04-24 17:09:32.164 [info] > git status -z -uall [48ms]
2026-04-24 17:09:37.226 [info] > git config --get commit.template [10ms]
2026-04-24 17:09:37.227 [info] > git for-each-ref --format=%(refname)%00%(upstream:short)%00%(objectname)%00%(upstream:track)%00%(upstream:remotename)%00%(upstream:remoteref) refs/heads/main refs/remotes/main [2ms]
2026-04-24 17:09:37.247 [info] > git for-each-ref --sort -committerdate --format %(refname)%00%(objectname)%00%(*objectname) [2ms]
2026-04-24 17:09:37.285 [info] > git status -z -uall [49ms]
2026-04-24 17:09:42.349 [info] > git config --get commit.template [10ms]
2026-04-24 17:09:42.351 [info] > git for-each-ref --format=%(refname)%00%(upstream:short)%00%(objectname)%00%(upstream:track)%00%(upstream:remotename)%00%(upstream:remoteref) refs/heads/main refs/remotes/main [3ms]
2026-04-24 17:09:42.371 [info] > git for-each-ref --sort -committerdate --format %(refname)%00%(objectname)%00%(*objectname) [3ms]
2026-04-24 17:09:42.411 [info] > git status -z -uall [51ms]
2026-04-24 17:09:47.480 [info] > git config --get commit.template [11ms]
2026-04-24 17:09:47.481 [info] > git for-each-ref --format=%(refname)%00%(upstream:short)%00%(objectname)%00%(upstream:track)%00%(upstream:remotename)%00%(upstream:remoteref) refs/heads/main refs/remotes/main [2ms]
2026-04-24 17:09:47.502 [info] > git for-each-ref --sort -committerdate --format %(refname)%00%(objectname)%00%(*objectname) [2ms]
2026-04-24 17:09:47.538 [info] > git status -z -uall [48ms]
2026-04-24 17:09:49.123 [info] > git check-ignore -v -z --stdin [2ms]
2026-04-24 17:09:49.902 [info] > git check-ignore -v -z --stdin [2ms]
2026-04-24 17:09:52.613 [info] > git config --get commit.template [11ms]
2026-04-24 17:09:52.614 [info] > git for-each-ref --format=%(refname)%00%(upstream:short)%00%(objectname)%00%(upstream:track)%00%(upstream:remotename)%00%(upstream:remoteref) refs/heads/main refs/remotes/main [2ms]
2026-04-24 17:09:52.635 [info] > git for-each-ref --sort -committerdate --format %(refname)%00%(objectname)%00%(*objectname) [3ms]
2026-04-24 17:09:52.670 [info] > git status -z -uall [47ms]
2026-04-24 17:10:02.148 [info] > git config --get commit.template [10ms]
2026-04-24 17:10:02.149 [info] > git for-each-ref --format=%(refname)%00%(upstream:short)%00%(objectname)%00%(upstream:track)%00%(upstream:remotename)%00%(upstream:remoteref) refs/heads/main refs/remotes/main [2ms]
2026-04-24 17:10:02.170 [info] > git for-each-ref --sort -committerdate --format %(refname)%00%(objectname)%00%(*objectname) [2ms]
2026-04-24 17:10:02.207 [info] > git status -z -uall [49ms]
2026-04-24 17:10:08.836 [info] > git config --get commit.template [10ms]
2026-04-24 17:10:08.837 [info] > git for-each-ref --format=%(refname)%00%(upstream:short)%00%(objectname)%00%(upstream:track)%00%(upstream:remotename)%00%(upstream:remoteref) refs/heads/main refs/remotes/main [2ms]
2026-04-24 17:10:08.857 [info] > git for-each-ref --sort -committerdate --format %(refname)%00%(objectname)%00%(*objectname) [2ms]
2026-04-24 17:10:08.878 [info] > git status -z -uall [32ms]
2026-04-24 17:10:13.926 [info] > git config --get commit.template [10ms]
2026-04-24 17:10:13.928 [info] > git for-each-ref --format=%(refname)%00%(upstream:short)%00%(objectname)%00%(upstream:track)%00%(upstream:remotename)%00%(upstream:remoteref) refs/heads/main refs/remotes/main [3ms]
2026-04-24 17:10:13.947 [info] > git for-each-ref --sort -committerdate --format %(refname)%00%(objectname)%00%(*objectname) [2ms]
2026-04-24 17:10:13.976 [info] > git status -z -uall [40ms]
2026-04-24 17:10:31.853 [info] > git config --get commit.template [11ms]
2026-04-24 17:10:31.854 [info] > git for-each-ref --format=%(refname)%00%(upstream:short)%00%(objectname)%00%(upstream:track)%00%(upstream:remotename)%00%(upstream:remoteref) refs/heads/main refs/remotes/main [2ms]
2026-04-24 17:10:31.875 [info] > git for-each-ref --sort -committerdate --format %(refname)%00%(objectname)%00%(*objectname) [2ms]
2026-04-24 17:10:31.896 [info] > git status -z -uall [33ms]
