2026-04-16 05:18:13.190 [info] [main] Log level: Info
2026-04-16 05:18:13.190 [info] [main] Validating found git in: "git"
2026-04-16 05:18:13.190 [info] [main] Using git "2.43.0" from "git"
2026-04-16 05:18:13.190 [info] [Model][doInitialScan] Initial repository scan started
2026-04-16 05:18:13.191 [info] > git rev-parse --show-toplevel [14ms]
2026-04-16 05:18:13.191 [info] > git rev-parse --git-dir --git-common-dir --show-superproject-working-tree [4ms]
2026-04-16 05:18:13.343 [info] [Model][openRepository] Opened repository (path): /home/nekofell908
2026-04-16 05:18:13.343 [info] [Model][openRepository] Opened repository (real path): /home/nekofell908
2026-04-16 05:18:13.343 [info] [Model][openRepository] Opened repository (kind): repository
2026-04-16 05:18:13.357 [info] > git config --get commit.template [5ms]
2026-04-16 05:18:13.362 [info] > git rev-parse --show-toplevel [7ms]
2026-04-16 05:18:13.368 [info] > git rev-parse --show-toplevel [2ms]
2026-04-16 05:18:13.374 [info] > git rev-parse --show-toplevel [2ms]
2026-04-16 05:18:13.379 [info] > git rev-parse --show-toplevel [2ms]
2026-04-16 05:18:13.386 [info] > git rev-parse --show-toplevel [2ms]
2026-04-16 05:18:13.392 [info] > git rev-parse --show-toplevel [2ms]
2026-04-16 05:18:13.397 [info] > git rev-parse --show-toplevel [1ms]
2026-04-16 05:18:13.403 [info] > git rev-parse --show-toplevel [1ms]
2026-04-16 05:18:13.403 [info] [Model][doInitialScan] Initial repository scan completed - repositories (1), closed repositories (0), parent repositories (0), unsafe repositories (0)
2026-04-16 05:18:13.634 [info] > git for-each-ref --format=%(refname)%00%(upstream:short)%00%(objectname)%00%(upstream:track)%00%(upstream:remotename)%00%(upstream:remoteref) refs/heads/main refs/remotes/main [273ms]
2026-04-16 05:18:13.654 [info] > git for-each-ref --sort -committerdate --format %(refname)%00%(objectname)%00%(*objectname) [7ms]
2026-04-16 05:18:14.140 [info] > git check-ignore -v -z --stdin [2ms]
2026-04-16 05:18:16.886 [info] > git status -z -uall [3244ms]
2026-04-16 05:18:17.009 [info] > git for-each-ref --format=%(refname)%00%(upstream:short)%00%(objectname)%00%(upstream:track)%00%(upstream:remotename)%00%(upstream:remoteref) refs/heads/main refs/remotes/main [28ms]
2026-04-16 05:18:17.387 [info] > git config --get --local branch.main.vscode-merge-base [366ms]
2026-04-16 05:18:17.387 [warning] [Git][config] git config failed: Failed to execute git
2026-04-16 05:18:17.398 [info] > git config --get commit.template [401ms]
2026-04-16 05:18:17.412 [info] > git reflog main --grep-reflog=branch: Created from *. [14ms]
2026-04-16 05:18:17.422 [info] > git for-each-ref --format=%(refname)%00%(upstream:short)%00%(objectname)%00%(upstream:track)%00%(upstream:remotename)%00%(upstream:remoteref) refs/heads/main refs/remotes/main [13ms]
2026-04-16 05:18:17.426 [info] > git symbolic-ref --short refs/remotes/origin/HEAD [4ms]
2026-04-16 05:18:17.426 [info] fatal: ref refs/remotes/origin/HEAD is not a symbolic ref
2026-04-16 05:18:17.426 [warning] [Repository][getDefaultBranch] Failed to get default branch details: Failed to execute git.
2026-04-16 05:18:17.464 [info] > git merge-base refs/heads/main refs/remotes/origin/main [27ms]
2026-04-16 05:18:17.486 [info] > git for-each-ref --sort -committerdate --format %(refname)%00%(objectname)%00%(*objectname) [23ms]
2026-04-16 05:18:17.493 [info] > git diff --raw --numstat --diff-filter=ADMR -z --find-renames=50% 2ae9d5204c3facc8c3eacc01bb797b5c74de224c...refs/remotes/origin/main -- [9ms]
2026-04-16 05:18:17.507 [info] > git status -z -uall [55ms]
2026-04-16 05:18:18.125 [info] > git check-ignore -v -z --stdin [16ms]
2026-04-16 05:18:19.121 [info] > git show --textconv :main.py [16ms]
2026-04-16 05:18:19.124 [info] > git ls-files --stage -- main.py [9ms]
2026-04-16 05:18:19.157 [info] > git cat-file -s 6947bd61620856a32d493f597e57b1737df0b740 [23ms]
2026-04-16 05:18:19.447 [info] > git check-ignore -v -z --stdin [4ms]
2026-04-16 05:18:19.491 [info] > git blame --root --incremental 2ae9d5204c3facc8c3eacc01bb797b5c74de224c -- main.py [25ms]
2026-04-16 05:18:27.770 [info] > git config --get commit.template [15ms]
2026-04-16 05:18:27.771 [info] > git for-each-ref --format=%(refname)%00%(upstream:short)%00%(objectname)%00%(upstream:track)%00%(upstream:remotename)%00%(upstream:remoteref) refs/heads/main refs/remotes/main [2ms]
2026-04-16 05:18:27.798 [info] > git for-each-ref --sort -committerdate --format %(refname)%00%(objectname)%00%(*objectname) [3ms]
2026-04-16 05:18:27.825 [info] > git status -z -uall [41ms]
2026-04-16 05:18:30.467 [info] > git check-ignore -v -z --stdin [5ms]
2026-04-16 05:18:31.834 [info] > git check-ignore -v -z --stdin [5ms]
2026-04-16 05:18:32.924 [info] > git config --get commit.template [4ms]
2026-04-16 05:18:32.968 [info] > git for-each-ref --format=%(refname)%00%(upstream:short)%00%(objectname)%00%(upstream:track)%00%(upstream:remotename)%00%(upstream:remoteref) refs/heads/main refs/remotes/main [9ms]
2026-04-16 05:18:33.051 [info] > git for-each-ref --sort -committerdate --format %(refname)%00%(objectname)%00%(*objectname) [1ms]
2026-04-16 05:18:33.084 [info] > git status -z -uall [77ms]
2026-04-16 05:18:35.555 [info] > git check-ignore -v -z --stdin [6ms]
2026-04-16 05:25:37.382 [info] > git config --get commit.template [3ms]
2026-04-16 05:25:37.392 [info] > git for-each-ref --format=%(refname)%00%(upstream:short)%00%(objectname)%00%(upstream:track)%00%(upstream:remotename)%00%(upstream:remoteref) refs/heads/main refs/remotes/main [2ms]
2026-04-16 05:25:37.410 [info] > git for-each-ref --sort -committerdate --format %(refname)%00%(objectname)%00%(*objectname) [2ms]
2026-04-16 05:25:37.433 [info] > git status -z -uall [33ms]
2026-04-16 05:25:40.949 [info] > git check-ignore -v -z --stdin [3ms]
2026-04-16 05:25:42.489 [info] > git config --get commit.template [10ms]
2026-04-16 05:25:42.490 [info] > git for-each-ref --format=%(refname)%00%(upstream:short)%00%(objectname)%00%(upstream:track)%00%(upstream:remotename)%00%(upstream:remoteref) refs/heads/main refs/remotes/main [4ms]
2026-04-16 05:25:42.509 [info] > git for-each-ref --sort -committerdate --format %(refname)%00%(objectname)%00%(*objectname) [3ms]
2026-04-16 05:25:42.530 [info] > git status -z -uall [33ms]
2026-04-16 05:25:44.550 [info] > git check-ignore -v -z --stdin [1ms]
2026-04-16 05:25:47.571 [info] > git config --get commit.template [8ms]
2026-04-16 05:25:47.572 [info] > git for-each-ref --format=%(refname)%00%(upstream:short)%00%(objectname)%00%(upstream:track)%00%(upstream:remotename)%00%(upstream:remoteref) refs/heads/main refs/remotes/main [2ms]
2026-04-16 05:25:47.595 [info] > git for-each-ref --sort -committerdate --format %(refname)%00%(objectname)%00%(*objectname) [3ms]
2026-04-16 05:25:47.630 [info] > git status -z -uall [48ms]
2026-04-16 05:25:49.761 [info] > git check-ignore -v -z --stdin [4ms]
2026-04-16 05:25:52.674 [info] > git config --get commit.template [9ms]
2026-04-16 05:25:52.675 [info] > git for-each-ref --format=%(refname)%00%(upstream:short)%00%(objectname)%00%(upstream:track)%00%(upstream:remotename)%00%(upstream:remoteref) refs/heads/main refs/remotes/main [2ms]
2026-04-16 05:25:52.692 [info] > git for-each-ref --sort -committerdate --format %(refname)%00%(objectname)%00%(*objectname) [2ms]
2026-04-16 05:25:52.716 [info] > git status -z -uall [33ms]
2026-04-16 05:25:55.774 [info] > git check-ignore -v -z --stdin [5ms]
2026-04-16 05:25:57.762 [info] > git config --get commit.template [12ms]
2026-04-16 05:25:57.763 [info] > git for-each-ref --format=%(refname)%00%(upstream:short)%00%(objectname)%00%(upstream:track)%00%(upstream:remotename)%00%(upstream:remoteref) refs/heads/main refs/remotes/main [2ms]
2026-04-16 05:25:57.787 [info] > git for-each-ref --sort -committerdate --format %(refname)%00%(objectname)%00%(*objectname) [4ms]
2026-04-16 05:25:57.808 [info] > git status -z -uall [35ms]
2026-04-16 05:26:00.131 [info] > git check-ignore -v -z --stdin [2ms]
2026-04-16 05:26:12.610 [info] > git config --get commit.template [9ms]
2026-04-16 05:26:12.611 [info] > git for-each-ref --format=%(refname)%00%(upstream:short)%00%(objectname)%00%(upstream:track)%00%(upstream:remotename)%00%(upstream:remoteref) refs/heads/main refs/remotes/main [2ms]
2026-04-16 05:26:12.631 [info] > git for-each-ref --sort -committerdate --format %(refname)%00%(objectname)%00%(*objectname) [2ms]
2026-04-16 05:26:12.656 [info] > git status -z -uall [36ms]
2026-04-16 05:26:14.080 [info] > git check-ignore -v -z --stdin [2ms]
2026-04-16 05:26:40.204 [info] > git config --get commit.template [10ms]
2026-04-16 05:26:40.206 [info] > git for-each-ref --format=%(refname)%00%(upstream:short)%00%(objectname)%00%(upstream:track)%00%(upstream:remotename)%00%(upstream:remoteref) refs/heads/main refs/remotes/main [3ms]
2026-04-16 05:26:40.224 [info] > git for-each-ref --sort -committerdate --format %(refname)%00%(objectname)%00%(*objectname) [2ms]
2026-04-16 05:26:40.255 [info] > git status -z -uall [42ms]
2026-04-16 05:26:41.888 [info] > git check-ignore -v -z --stdin [1ms]
2026-04-16 05:26:45.299 [info] > git config --get commit.template [9ms]
2026-04-16 05:26:45.301 [info] > git for-each-ref --format=%(refname)%00%(upstream:short)%00%(objectname)%00%(upstream:track)%00%(upstream:remotename)%00%(upstream:remoteref) refs/heads/main refs/remotes/main [3ms]
2026-04-16 05:26:45.320 [info] > git for-each-ref --sort -committerdate --format %(refname)%00%(objectname)%00%(*objectname) [4ms]
2026-04-16 05:26:45.341 [info] > git status -z -uall [32ms]
2026-04-16 05:26:47.545 [info] > git check-ignore -v -z --stdin [2ms]
2026-04-16 05:26:50.382 [info] > git config --get commit.template [10ms]
2026-04-16 05:26:50.382 [info] > git for-each-ref --format=%(refname)%00%(upstream:short)%00%(objectname)%00%(upstream:track)%00%(upstream:remotename)%00%(upstream:remoteref) refs/heads/main refs/remotes/main [2ms]
2026-04-16 05:26:50.402 [info] > git for-each-ref --sort -committerdate --format %(refname)%00%(objectname)%00%(*objectname) [3ms]
2026-04-16 05:26:50.428 [info] > git status -z -uall [36ms]
2026-04-16 05:26:53.002 [info] > git check-ignore -v -z --stdin [2ms]
2026-04-16 05:26:55.476 [info] > git config --get commit.template [11ms]
2026-04-16 05:26:55.476 [info] > git for-each-ref --format=%(refname)%00%(upstream:short)%00%(objectname)%00%(upstream:track)%00%(upstream:remotename)%00%(upstream:remoteref) refs/heads/main refs/remotes/main [2ms]
2026-04-16 05:26:55.494 [info] > git for-each-ref --sort -committerdate --format %(refname)%00%(objectname)%00%(*objectname) [2ms]
2026-04-16 05:26:55.523 [info] > git status -z -uall [39ms]
2026-04-16 05:26:59.767 [info] > git check-ignore -v -z --stdin [2ms]
2026-04-16 05:28:08.761 [info] > git config --get commit.template [2ms]
2026-04-16 05:28:08.771 [info] > git for-each-ref --format=%(refname)%00%(upstream:short)%00%(objectname)%00%(upstream:track)%00%(upstream:remotename)%00%(upstream:remoteref) refs/heads/main refs/remotes/main [1ms]
2026-04-16 05:28:08.788 [info] > git for-each-ref --sort -committerdate --format %(refname)%00%(objectname)%00%(*objectname) [3ms]
2026-04-16 05:28:08.811 [info] > git status -z -uall [33ms]
2026-04-16 05:28:10.260 [info] > git check-ignore -v -z --stdin [2ms]
2026-04-16 05:28:11.896 [info] > git check-ignore -v -z --stdin [2ms]
2026-04-16 05:28:17.977 [info] > git config --get commit.template [8ms]
2026-04-16 05:28:17.978 [info] > git for-each-ref --format=%(refname)%00%(upstream:short)%00%(objectname)%00%(upstream:track)%00%(upstream:remotename)%00%(upstream:remoteref) refs/heads/main refs/remotes/main [2ms]
2026-04-16 05:28:17.996 [info] > git for-each-ref --sort -committerdate --format %(refname)%00%(objectname)%00%(*objectname) [3ms]
2026-04-16 05:28:18.015 [info] > git status -z -uall [30ms]
2026-04-16 05:28:19.490 [info] > git check-ignore -v -z --stdin [2ms]
2026-04-16 05:28:23.054 [info] > git config --get commit.template [9ms]
2026-04-16 05:28:23.056 [info] > git for-each-ref --format=%(refname)%00%(upstream:short)%00%(objectname)%00%(upstream:track)%00%(upstream:remotename)%00%(upstream:remoteref) refs/heads/main refs/remotes/main [1ms]
2026-04-16 05:28:23.074 [info] > git for-each-ref --sort -committerdate --format %(refname)%00%(objectname)%00%(*objectname) [3ms]
2026-04-16 05:28:23.102 [info] > git status -z -uall [39ms]
2026-04-16 05:28:25.771 [info] > git check-ignore -v -z --stdin [2ms]
2026-04-16 05:28:36.396 [info] > git config --get commit.template [8ms]
2026-04-16 05:28:36.397 [info] > git for-each-ref --format=%(refname)%00%(upstream:short)%00%(objectname)%00%(upstream:track)%00%(upstream:remotename)%00%(upstream:remoteref) refs/heads/main refs/remotes/main [2ms]
2026-04-16 05:28:36.413 [info] > git for-each-ref --sort -committerdate --format %(refname)%00%(objectname)%00%(*objectname) [2ms]
2026-04-16 05:28:36.435 [info] > git status -z -uall [31ms]
2026-04-16 05:28:37.902 [info] > git check-ignore -v -z --stdin [2ms]
2026-04-16 05:51:45.547 [info] > git config --get commit.template [9ms]
2026-04-16 05:51:45.548 [info] > git for-each-ref --format=%(refname)%00%(upstream:short)%00%(objectname)%00%(upstream:track)%00%(upstream:remotename)%00%(upstream:remoteref) refs/heads/main refs/remotes/main [2ms]
2026-04-16 05:51:45.565 [info] > git for-each-ref --sort -committerdate --format %(refname)%00%(objectname)%00%(*objectname) [3ms]
2026-04-16 05:51:45.587 [info] > git status -z -uall [32ms]
2026-04-16 05:51:47.470 [info] > git check-ignore -v -z --stdin [2ms]
2026-04-16 05:51:48.658 [info] > git check-ignore -v -z --stdin [2ms]
2026-04-16 05:51:50.629 [info] > git config --get commit.template [9ms]
2026-04-16 05:51:50.630 [info] > git for-each-ref --format=%(refname)%00%(upstream:short)%00%(objectname)%00%(upstream:track)%00%(upstream:remotename)%00%(upstream:remoteref) refs/heads/main refs/remotes/main [2ms]
2026-04-16 05:51:50.649 [info] > git for-each-ref --sort -committerdate --format %(refname)%00%(objectname)%00%(*objectname) [2ms]
2026-04-16 05:51:50.670 [info] > git status -z -uall [32ms]
2026-04-16 05:51:55.713 [info] > git config --get commit.template [10ms]
2026-04-16 05:51:55.714 [info] > git for-each-ref --format=%(refname)%00%(upstream:short)%00%(objectname)%00%(upstream:track)%00%(upstream:remotename)%00%(upstream:remoteref) refs/heads/main refs/remotes/main [2ms]
2026-04-16 05:51:55.734 [info] > git for-each-ref --sort -committerdate --format %(refname)%00%(objectname)%00%(*objectname) [3ms]
2026-04-16 05:51:55.756 [info] > git status -z -uall [33ms]
2026-04-16 05:52:00.797 [info] > git config --get commit.template [9ms]
2026-04-16 05:52:00.798 [info] > git for-each-ref --format=%(refname)%00%(upstream:short)%00%(objectname)%00%(upstream:track)%00%(upstream:remotename)%00%(upstream:remoteref) refs/heads/main refs/remotes/main [2ms]
2026-04-16 05:52:00.817 [info] > git for-each-ref --sort -committerdate --format %(refname)%00%(objectname)%00%(*objectname) [2ms]
2026-04-16 05:52:00.838 [info] > git status -z -uall [31ms]
2026-04-16 05:52:05.877 [info] > git config --get commit.template [8ms]
2026-04-16 05:52:05.878 [info] > git for-each-ref --format=%(refname)%00%(upstream:short)%00%(objectname)%00%(upstream:track)%00%(upstream:remotename)%00%(upstream:remoteref) refs/heads/main refs/remotes/main [2ms]
2026-04-16 05:52:05.898 [info] > git for-each-ref --sort -committerdate --format %(refname)%00%(objectname)%00%(*objectname) [3ms]
2026-04-16 05:52:05.919 [info] > git status -z -uall [33ms]
2026-04-16 05:52:10.958 [info] > git config --get commit.template [9ms]
2026-04-16 05:52:10.960 [info] > git for-each-ref --format=%(refname)%00%(upstream:short)%00%(objectname)%00%(upstream:track)%00%(upstream:remotename)%00%(upstream:remoteref) refs/heads/main refs/remotes/main [2ms]
2026-04-16 05:52:10.977 [info] > git for-each-ref --sort -committerdate --format %(refname)%00%(objectname)%00%(*objectname) [2ms]
2026-04-16 05:52:10.999 [info] > git status -z -uall [32ms]
2026-04-16 05:52:20.582 [info] > git config --get commit.template [12ms]
2026-04-16 05:52:20.583 [info] > git for-each-ref --format=%(refname)%00%(upstream:short)%00%(objectname)%00%(upstream:track)%00%(upstream:remotename)%00%(upstream:remoteref) refs/heads/main refs/remotes/main [2ms]
2026-04-16 05:52:20.601 [info] > git for-each-ref --sort -committerdate --format %(refname)%00%(objectname)%00%(*objectname) [3ms]
2026-04-16 05:52:20.623 [info] > git status -z -uall [32ms]
2026-04-16 05:52:32.737 [info] > git config --get commit.template [9ms]
2026-04-16 05:52:32.738 [info] > git for-each-ref --format=%(refname)%00%(upstream:short)%00%(objectname)%00%(upstream:track)%00%(upstream:remotename)%00%(upstream:remoteref) refs/heads/main refs/remotes/main [2ms]
2026-04-16 05:52:32.759 [info] > git for-each-ref --sort -committerdate --format %(refname)%00%(objectname)%00%(*objectname) [3ms]
2026-04-16 05:52:32.781 [info] > git status -z -uall [34ms]
2026-04-16 05:52:59.990 [info] > git config --get commit.template [10ms]
2026-04-16 05:52:59.992 [info] > git for-each-ref --format=%(refname)%00%(upstream:short)%00%(objectname)%00%(upstream:track)%00%(upstream:remotename)%00%(upstream:remoteref) refs/heads/main refs/remotes/main [3ms]
2026-04-16 05:53:00.013 [info] > git for-each-ref --sort -committerdate --format %(refname)%00%(objectname)%00%(*objectname) [3ms]
2026-04-16 05:53:00.037 [info] > git status -z -uall [37ms]
