2026-04-15 18:15:11.479 [info] [main] Log level: Info
2026-04-15 18:15:11.479 [info] [main] Validating found git in: "git"
2026-04-15 18:15:11.479 [info] [main] Using git "2.43.0" from "git"
2026-04-15 18:15:11.479 [info] [Model][doInitialScan] Initial repository scan started
2026-04-15 18:15:11.479 [info] > git rev-parse --show-toplevel [59ms]
2026-04-15 18:15:11.479 [info] > git rev-parse --git-dir --git-common-dir --show-superproject-working-tree [4ms]
2026-04-15 18:15:11.727 [info] [Model][openRepository] Opened repository (path): /home/nekofell908
2026-04-15 18:15:11.727 [info] [Model][openRepository] Opened repository (real path): /home/nekofell908
2026-04-15 18:15:11.727 [info] [Model][openRepository] Opened repository (kind): repository
2026-04-15 18:15:11.739 [info] > git config --get commit.template [6ms]
2026-04-15 18:15:11.740 [info] > git rev-parse --show-toplevel [3ms]
2026-04-15 18:15:11.752 [info] > git rev-parse --show-toplevel [2ms]
2026-04-15 18:15:11.758 [info] > git rev-parse --show-toplevel [1ms]
2026-04-15 18:15:11.763 [info] > git rev-parse --show-toplevel [2ms]
2026-04-15 18:15:11.768 [info] > git rev-parse --show-toplevel [1ms]
2026-04-15 18:15:11.774 [info] > git rev-parse --show-toplevel [2ms]
2026-04-15 18:15:11.780 [info] > git rev-parse --show-toplevel [2ms]
2026-04-15 18:15:11.781 [info] [Model][doInitialScan] Initial repository scan completed - repositories (1), closed repositories (0), parent repositories (0), unsafe repositories (0)
2026-04-15 18:15:11.794 [info] > git for-each-ref --format=%(refname)%00%(upstream:short)%00%(objectname)%00%(upstream:track)%00%(upstream:remotename)%00%(upstream:remoteref) refs/heads/main refs/remotes/main [48ms]
2026-04-15 18:15:11.807 [info] > git for-each-ref --sort -committerdate --format %(refname)%00%(objectname)%00%(*objectname) [2ms]
2026-04-15 18:15:11.835 [info] > git status -z -uall [35ms]
2026-04-15 18:15:11.906 [info] > git for-each-ref --format=%(refname)%00%(upstream:short)%00%(objectname)%00%(upstream:track)%00%(upstream:remotename)%00%(upstream:remoteref) refs/heads/main refs/remotes/main [9ms]
2026-04-15 18:15:11.912 [info] > git config --get commit.template [7ms]
2026-04-15 18:15:11.913 [info] > git config --get --local branch.main.vscode-merge-base [2ms]
2026-04-15 18:15:11.913 [warning] [Git][config] git config failed: Failed to execute git
2026-04-15 18:15:11.924 [info] > git for-each-ref --format=%(refname)%00%(upstream:short)%00%(objectname)%00%(upstream:track)%00%(upstream:remotename)%00%(upstream:remoteref) refs/heads/main refs/remotes/main [3ms]
2026-04-15 18:15:11.934 [info] > git status -z -uall [5ms]
2026-04-15 18:15:11.935 [info] > git reflog main --grep-reflog=branch: Created from *. [18ms]
2026-04-15 18:15:11.989 [info] > git symbolic-ref --short refs/remotes/origin/HEAD [50ms]
2026-04-15 18:15:11.989 [info] fatal: ref refs/remotes/origin/HEAD is not a symbolic ref
2026-04-15 18:15:11.989 [warning] [Repository][getDefaultBranch] Failed to get default branch details: Failed to execute git.
2026-04-15 18:15:11.995 [info] > git for-each-ref --sort -committerdate --format %(refname)%00%(objectname)%00%(*objectname) [63ms]
2026-04-15 18:15:12.008 [info] > git merge-base refs/heads/main refs/remotes/origin/main [5ms]
2026-04-15 18:15:12.013 [info] > git merge-base refs/heads/main refs/remotes/origin/main [19ms]
2026-04-15 18:15:12.019 [info] > git diff --raw --numstat --diff-filter=ADMR -z --find-renames=50% 2ae9d5204c3facc8c3eacc01bb797b5c74de224c...refs/remotes/origin/main -- [6ms]
2026-04-15 18:15:12.020 [info] > git diff --raw --numstat --diff-filter=ADMR -z --find-renames=50% 2ae9d5204c3facc8c3eacc01bb797b5c74de224c...refs/remotes/origin/main -- [2ms]
2026-04-15 18:15:13.126 [info] > git check-ignore -v -z --stdin [2ms]
2026-04-15 18:15:31.156 [info] > git check-ignore -v -z --stdin [13ms]
2026-04-15 18:15:31.413 [info] > git check-ignore -v -z --stdin [1ms]
2026-04-15 18:15:31.665 [info] > git ls-files --stage -- main.py [2ms]
2026-04-15 18:15:31.678 [info] > git show --textconv :main.py [27ms]
2026-04-15 18:15:31.679 [info] > git cat-file -s 6947bd61620856a32d493f597e57b1737df0b740 [3ms]
2026-04-15 18:15:32.104 [info] > git blame --root --incremental 2ae9d5204c3facc8c3eacc01bb797b5c74de224c -- main.py [73ms]
2026-04-15 18:15:32.122 [info] > git config --get commit.template [17ms]
2026-04-15 18:15:32.230 [info] > git for-each-ref --format=%(refname)%00%(upstream:short)%00%(objectname)%00%(upstream:track)%00%(upstream:remotename)%00%(upstream:remoteref) refs/heads/main refs/remotes/main [74ms]
2026-04-15 18:15:32.302 [info] > git status -z -uall [30ms]
2026-04-15 18:15:32.303 [info] > git for-each-ref --sort -committerdate --format %(refname)%00%(objectname)%00%(*objectname) [9ms]
2026-04-15 18:15:34.029 [info] > git check-ignore -v -z --stdin [2ms]
2026-04-15 18:15:47.412 [info] > git config --get commit.template [11ms]
2026-04-15 18:15:47.412 [info] > git for-each-ref --format=%(refname)%00%(upstream:short)%00%(objectname)%00%(upstream:track)%00%(upstream:remotename)%00%(upstream:remoteref) refs/heads/main refs/remotes/main [2ms]
2026-04-15 18:15:47.436 [info] > git status -z -uall [13ms]
2026-04-15 18:15:47.438 [info] > git for-each-ref --sort -committerdate --format %(refname)%00%(objectname)%00%(*objectname) [3ms]
2026-04-15 18:15:51.809 [info] > git check-ignore -v -z --stdin [1ms]
2026-04-15 18:15:55.124 [info] > git config --get commit.template [13ms]
2026-04-15 18:15:55.125 [info] > git for-each-ref --format=%(refname)%00%(upstream:short)%00%(objectname)%00%(upstream:track)%00%(upstream:remotename)%00%(upstream:remoteref) refs/heads/main refs/remotes/main [3ms]
2026-04-15 18:15:55.162 [info] > git status -z -uall [21ms]
2026-04-15 18:15:55.164 [info] > git for-each-ref --sort -committerdate --format %(refname)%00%(objectname)%00%(*objectname) [5ms]
2026-04-15 18:15:57.642 [info] > git check-ignore -v -z --stdin [3ms]
2026-04-15 18:22:33.775 [info] > git config --get commit.template [13ms]
2026-04-15 18:22:33.775 [info] > git for-each-ref --format=%(refname)%00%(upstream:short)%00%(objectname)%00%(upstream:track)%00%(upstream:remotename)%00%(upstream:remoteref) refs/heads/main refs/remotes/main [2ms]
2026-04-15 18:22:33.799 [info] > git status -z -uall [14ms]
2026-04-15 18:22:33.799 [info] > git for-each-ref --sort -committerdate --format %(refname)%00%(objectname)%00%(*objectname) [4ms]
2026-04-15 18:22:37.457 [info] > git check-ignore -v -z --stdin [1ms]
2026-04-15 18:22:38.830 [info] > git config --get commit.template [11ms]
2026-04-15 18:22:38.831 [info] > git for-each-ref --format=%(refname)%00%(upstream:short)%00%(objectname)%00%(upstream:track)%00%(upstream:remotename)%00%(upstream:remoteref) refs/heads/main refs/remotes/main [2ms]
2026-04-15 18:22:38.852 [info] > git status -z -uall [10ms]
2026-04-15 18:22:38.854 [info] > git for-each-ref --sort -committerdate --format %(refname)%00%(objectname)%00%(*objectname) [3ms]
2026-04-15 18:22:42.032 [info] > git check-ignore -v -z --stdin [4ms]
2026-04-15 18:22:45.363 [info] > git config --get commit.template [11ms]
2026-04-15 18:22:45.364 [info] > git for-each-ref --format=%(refname)%00%(upstream:short)%00%(objectname)%00%(upstream:track)%00%(upstream:remotename)%00%(upstream:remoteref) refs/heads/main refs/remotes/main [2ms]
2026-04-15 18:22:45.384 [info] > git status -z -uall [9ms]
2026-04-15 18:22:45.385 [info] > git for-each-ref --sort -committerdate --format %(refname)%00%(objectname)%00%(*objectname) [3ms]
2026-04-15 18:22:47.193 [info] > git check-ignore -v -z --stdin [2ms]
2026-04-15 18:22:47.616 [info] > git check-ignore -v -z --stdin [3ms]
2026-04-15 18:22:47.943 [info] > git check-ignore -v -z --stdin [2ms]
2026-04-15 18:22:53.470 [info] > git config --get commit.template [10ms]
2026-04-15 18:22:53.471 [info] > git for-each-ref --format=%(refname)%00%(upstream:short)%00%(objectname)%00%(upstream:track)%00%(upstream:remotename)%00%(upstream:remoteref) refs/heads/main refs/remotes/main [2ms]
2026-04-15 18:22:53.491 [info] > git status -z -uall [10ms]
2026-04-15 18:22:53.495 [info] > git for-each-ref --sort -committerdate --format %(refname)%00%(objectname)%00%(*objectname) [6ms]
2026-04-15 18:22:55.027 [info] > git check-ignore -v -z --stdin [1ms]
2026-04-15 18:22:58.522 [info] > git config --get commit.template [12ms]
2026-04-15 18:22:58.523 [info] > git for-each-ref --format=%(refname)%00%(upstream:short)%00%(objectname)%00%(upstream:track)%00%(upstream:remotename)%00%(upstream:remoteref) refs/heads/main refs/remotes/main [2ms]
2026-04-15 18:22:58.545 [info] > git status -z -uall [10ms]
2026-04-15 18:22:58.547 [info] > git for-each-ref --sort -committerdate --format %(refname)%00%(objectname)%00%(*objectname) [3ms]
2026-04-15 18:23:00.120 [info] > git check-ignore -v -z --stdin [2ms]
2026-04-15 18:23:03.573 [info] > git config --get commit.template [10ms]
2026-04-15 18:23:03.574 [info] > git for-each-ref --format=%(refname)%00%(upstream:short)%00%(objectname)%00%(upstream:track)%00%(upstream:remotename)%00%(upstream:remoteref) refs/heads/main refs/remotes/main [3ms]
2026-04-15 18:23:03.594 [info] > git status -z -uall [11ms]
2026-04-15 18:23:03.596 [info] > git for-each-ref --sort -committerdate --format %(refname)%00%(objectname)%00%(*objectname) [3ms]
2026-04-15 18:23:06.399 [info] > git check-ignore -v -z --stdin [2ms]
2026-04-15 18:23:08.624 [info] > git config --get commit.template [12ms]
2026-04-15 18:23:08.625 [info] > git for-each-ref --format=%(refname)%00%(upstream:short)%00%(objectname)%00%(upstream:track)%00%(upstream:remotename)%00%(upstream:remoteref) refs/heads/main refs/remotes/main [2ms]
2026-04-15 18:23:08.649 [info] > git status -z -uall [13ms]
2026-04-15 18:23:08.650 [info] > git for-each-ref --sort -committerdate --format %(refname)%00%(objectname)%00%(*objectname) [5ms]
2026-04-15 18:23:11.572 [info] > git check-ignore -v -z --stdin [2ms]
2026-04-15 18:23:15.371 [info] > git config --get commit.template [12ms]
2026-04-15 18:23:15.372 [info] > git for-each-ref --format=%(refname)%00%(upstream:short)%00%(objectname)%00%(upstream:track)%00%(upstream:remotename)%00%(upstream:remoteref) refs/heads/main refs/remotes/main [2ms]
2026-04-15 18:23:15.391 [info] > git status -z -uall [10ms]
2026-04-15 18:23:15.393 [info] > git for-each-ref --sort -committerdate --format %(refname)%00%(objectname)%00%(*objectname) [3ms]
2026-04-15 18:23:19.059 [info] > git check-ignore -v -z --stdin [2ms]
2026-04-15 18:23:20.417 [info] > git config --get commit.template [11ms]
2026-04-15 18:23:20.420 [info] > git for-each-ref --format=%(refname)%00%(upstream:short)%00%(objectname)%00%(upstream:track)%00%(upstream:remotename)%00%(upstream:remoteref) refs/heads/main refs/remotes/main [4ms]
2026-04-15 18:23:20.440 [info] > git status -z -uall [11ms]
2026-04-15 18:23:20.441 [info] > git for-each-ref --sort -committerdate --format %(refname)%00%(objectname)%00%(*objectname) [3ms]
2026-04-15 18:23:22.519 [info] > git check-ignore -v -z --stdin [3ms]
2026-04-15 18:23:22.778 [info] > git check-ignore -v -z --stdin [2ms]
2026-04-15 18:23:25.616 [info] > git check-ignore -v -z --stdin [2ms]
2026-04-15 18:23:31.416 [info] > git config --get commit.template [12ms]
2026-04-15 18:23:31.416 [info] > git for-each-ref --format=%(refname)%00%(upstream:short)%00%(objectname)%00%(upstream:track)%00%(upstream:remotename)%00%(upstream:remoteref) refs/heads/main refs/remotes/main [2ms]
2026-04-15 18:23:31.436 [info] > git status -z -uall [10ms]
2026-04-15 18:23:31.437 [info] > git for-each-ref --sort -committerdate --format %(refname)%00%(objectname)%00%(*objectname) [2ms]
2026-04-15 18:23:33.947 [info] > git check-ignore -v -z --stdin [2ms]
2026-04-15 18:23:34.265 [info] > git check-ignore -v -z --stdin [2ms]
2026-04-15 18:23:37.968 [info] > git check-ignore -v -z --stdin [2ms]
2026-04-15 18:23:38.677 [info] > git check-ignore -v -z --stdin [2ms]
2026-04-15 18:23:40.826 [info] > git config --get commit.template [10ms]
2026-04-15 18:23:40.827 [info] > git for-each-ref --format=%(refname)%00%(upstream:short)%00%(objectname)%00%(upstream:track)%00%(upstream:remotename)%00%(upstream:remoteref) refs/heads/main refs/remotes/main [2ms]
2026-04-15 18:23:40.847 [info] > git status -z -uall [10ms]
2026-04-15 18:23:40.849 [info] > git for-each-ref --sort -committerdate --format %(refname)%00%(objectname)%00%(*objectname) [3ms]
2026-04-15 18:23:42.226 [info] > git check-ignore -v -z --stdin [1ms]
2026-04-15 18:23:42.610 [info] > git check-ignore -v -z --stdin [2ms]
2026-04-15 18:23:43.147 [info] > git check-ignore -v -z --stdin [2ms]
2026-04-15 18:23:59.155 [info] > git config --get commit.template [10ms]
2026-04-15 18:23:59.156 [info] > git for-each-ref --format=%(refname)%00%(upstream:short)%00%(objectname)%00%(upstream:track)%00%(upstream:remotename)%00%(upstream:remoteref) refs/heads/main refs/remotes/main [3ms]
2026-04-15 18:23:59.176 [info] > git status -z -uall [11ms]
2026-04-15 18:23:59.180 [info] > git for-each-ref --sort -committerdate --format %(refname)%00%(objectname)%00%(*objectname) [6ms]
2026-04-15 18:24:00.763 [info] > git check-ignore -v -z --stdin [2ms]
2026-04-15 18:24:04.208 [info] > git config --get commit.template [11ms]
2026-04-15 18:24:04.209 [info] > git for-each-ref --format=%(refname)%00%(upstream:short)%00%(objectname)%00%(upstream:track)%00%(upstream:remotename)%00%(upstream:remoteref) refs/heads/main refs/remotes/main [2ms]
2026-04-15 18:24:04.230 [info] > git status -z -uall [11ms]
2026-04-15 18:24:04.231 [info] > git for-each-ref --sort -committerdate --format %(refname)%00%(objectname)%00%(*objectname) [3ms]
2026-04-15 18:24:06.783 [info] > git check-ignore -v -z --stdin [2ms]
2026-04-15 18:25:40.734 [info] > git config --get commit.template [3ms]
2026-04-15 18:25:40.745 [info] > git for-each-ref --format=%(refname)%00%(upstream:short)%00%(objectname)%00%(upstream:track)%00%(upstream:remotename)%00%(upstream:remoteref) refs/heads/main refs/remotes/main [2ms]
2026-04-15 18:25:40.766 [info] > git status -z -uall [11ms]
2026-04-15 18:25:40.768 [info] > git for-each-ref --sort -committerdate --format %(refname)%00%(objectname)%00%(*objectname) [3ms]
2026-04-15 18:25:43.499 [info] > git check-ignore -v -z --stdin [2ms]
2026-04-15 18:25:45.787 [info] > git config --get commit.template [3ms]
2026-04-15 18:25:45.798 [info] > git for-each-ref --format=%(refname)%00%(upstream:short)%00%(objectname)%00%(upstream:track)%00%(upstream:remotename)%00%(upstream:remoteref) refs/heads/main refs/remotes/main [2ms]
2026-04-15 18:25:45.818 [info] > git status -z -uall [10ms]
2026-04-15 18:25:45.820 [info] > git for-each-ref --sort -committerdate --format %(refname)%00%(objectname)%00%(*objectname) [3ms]
2026-04-15 18:25:47.853 [info] > git check-ignore -v -z --stdin [3ms]
2026-04-15 18:25:50.845 [info] > git config --get commit.template [10ms]
2026-04-15 18:25:50.846 [info] > git for-each-ref --format=%(refname)%00%(upstream:short)%00%(objectname)%00%(upstream:track)%00%(upstream:remotename)%00%(upstream:remoteref) refs/heads/main refs/remotes/main [2ms]
2026-04-15 18:25:50.867 [info] > git status -z -uall [12ms]
2026-04-15 18:25:50.867 [info] > git for-each-ref --sort -committerdate --format %(refname)%00%(objectname)%00%(*objectname) [3ms]
2026-04-15 18:25:55.006 [info] > git check-ignore -v -z --stdin [3ms]
2026-04-15 18:25:59.482 [info] > git config --get commit.template [3ms]
2026-04-15 18:25:59.493 [info] > git for-each-ref --format=%(refname)%00%(upstream:short)%00%(objectname)%00%(upstream:track)%00%(upstream:remotename)%00%(upstream:remoteref) refs/heads/main refs/remotes/main [2ms]
2026-04-15 18:25:59.513 [info] > git status -z -uall [10ms]
2026-04-15 18:25:59.514 [info] > git for-each-ref --sort -committerdate --format %(refname)%00%(objectname)%00%(*objectname) [2ms]
2026-04-15 18:26:01.096 [info] > git check-ignore -v -z --stdin [1ms]
2026-04-15 18:37:13.214 [info] > git check-ignore -v -z --stdin [3ms]
2026-04-15 18:39:29.892 [info] > git config --get commit.template [11ms]
2026-04-15 18:39:29.893 [info] > git for-each-ref --format=%(refname)%00%(upstream:short)%00%(objectname)%00%(upstream:track)%00%(upstream:remotename)%00%(upstream:remoteref) refs/heads/main refs/remotes/main [2ms]
2026-04-15 18:39:29.914 [info] > git for-each-ref --sort -committerdate --format %(refname)%00%(objectname)%00%(*objectname) [2ms]
2026-04-15 18:39:29.940 [info] > git status -z -uall [37ms]
2026-04-15 18:39:32.482 [info] > git check-ignore -v -z --stdin [1ms]
2026-04-15 18:39:33.303 [info] > git check-ignore -v -z --stdin [1ms]
2026-04-15 18:39:34.988 [info] > git config --get commit.template [9ms]
2026-04-15 18:39:34.989 [info] > git for-each-ref --format=%(refname)%00%(upstream:short)%00%(objectname)%00%(upstream:track)%00%(upstream:remotename)%00%(upstream:remoteref) refs/heads/main refs/remotes/main [3ms]
2026-04-15 18:39:35.010 [info] > git for-each-ref --sort -committerdate --format %(refname)%00%(objectname)%00%(*objectname) [2ms]
2026-04-15 18:39:35.032 [info] > git status -z -uall [33ms]
2026-04-15 18:39:38.994 [info] > git check-ignore -v -z --stdin [2ms]
2026-04-15 18:39:40.693 [info] > git config --get commit.template [10ms]
2026-04-15 18:39:40.694 [info] > git for-each-ref --format=%(refname)%00%(upstream:short)%00%(objectname)%00%(upstream:track)%00%(upstream:remotename)%00%(upstream:remoteref) refs/heads/main refs/remotes/main [2ms]
2026-04-15 18:39:40.719 [info] > git for-each-ref --sort -committerdate --format %(refname)%00%(objectname)%00%(*objectname) [2ms]
2026-04-15 18:39:40.740 [info] > git status -z -uall [34ms]
2026-04-15 18:39:45.100 [info] > git check-ignore -v -z --stdin [1ms]
2026-04-15 18:39:48.266 [info] > git config --get commit.template [11ms]
2026-04-15 18:39:48.267 [info] > git for-each-ref --format=%(refname)%00%(upstream:short)%00%(objectname)%00%(upstream:track)%00%(upstream:remotename)%00%(upstream:remoteref) refs/heads/main refs/remotes/main [2ms]
2026-04-15 18:39:48.287 [info] > git for-each-ref --sort -committerdate --format %(refname)%00%(objectname)%00%(*objectname) [2ms]
2026-04-15 18:39:48.308 [info] > git status -z -uall [32ms]
2026-04-15 18:39:50.029 [info] > git check-ignore -v -z --stdin [2ms]
2026-04-15 18:39:51.402 [info] > git check-ignore -v -z --stdin [2ms]
2026-04-15 18:39:53.353 [info] > git for-each-ref --format=%(refname)%00%(upstream:short)%00%(objectname)%00%(upstream:track)%00%(upstream:remotename)%00%(upstream:remoteref) refs/heads/main refs/remotes/main [5ms]
2026-04-15 18:39:53.353 [info] > git config --get commit.template [15ms]
2026-04-15 18:39:53.374 [info] > git for-each-ref --sort -committerdate --format %(refname)%00%(objectname)%00%(*objectname) [2ms]
2026-04-15 18:39:53.394 [info] > git status -z -uall [32ms]
2026-04-15 18:39:54.991 [info] > git check-ignore -v -z --stdin [2ms]
2026-04-15 18:40:01.328 [info] > git config --get commit.template [1ms]
2026-04-15 18:40:01.339 [info] > git for-each-ref --format=%(refname)%00%(upstream:short)%00%(objectname)%00%(upstream:track)%00%(upstream:remotename)%00%(upstream:remoteref) refs/heads/main refs/remotes/main [2ms]
2026-04-15 18:40:01.361 [info] > git for-each-ref --sort -committerdate --format %(refname)%00%(objectname)%00%(*objectname) [3ms]
2026-04-15 18:40:01.383 [info] > git status -z -uall [34ms]
2026-04-15 18:40:05.329 [info] > git check-ignore -v -z --stdin [2ms]
2026-04-15 18:40:06.423 [info] > git config --get commit.template [11ms]
2026-04-15 18:40:06.424 [info] > git for-each-ref --format=%(refname)%00%(upstream:short)%00%(objectname)%00%(upstream:track)%00%(upstream:remotename)%00%(upstream:remoteref) refs/heads/main refs/remotes/main [2ms]
2026-04-15 18:40:06.444 [info] > git for-each-ref --sort -committerdate --format %(refname)%00%(objectname)%00%(*objectname) [2ms]
2026-04-15 18:40:06.464 [info] > git status -z -uall [31ms]
2026-04-15 18:40:11.499 [info] > git config --get commit.template [10ms]
2026-04-15 18:40:11.501 [info] > git for-each-ref --format=%(refname)%00%(upstream:short)%00%(objectname)%00%(upstream:track)%00%(upstream:remotename)%00%(upstream:remoteref) refs/heads/main refs/remotes/main [3ms]
2026-04-15 18:40:11.521 [info] > git for-each-ref --sort -committerdate --format %(refname)%00%(objectname)%00%(*objectname) [2ms]
2026-04-15 18:40:11.542 [info] > git status -z -uall [32ms]
2026-04-15 18:40:13.142 [info] > git check-ignore -v -z --stdin [1ms]
2026-04-15 18:40:15.184 [info] > git check-ignore -v -z --stdin [7ms]
2026-04-15 18:41:12.120 [info] > git config --get commit.template [11ms]
2026-04-15 18:41:12.121 [info] > git for-each-ref --format=%(refname)%00%(upstream:short)%00%(objectname)%00%(upstream:track)%00%(upstream:remotename)%00%(upstream:remoteref) refs/heads/main refs/remotes/main [2ms]
2026-04-15 18:41:12.144 [info] > git for-each-ref --sort -committerdate --format %(refname)%00%(objectname)%00%(*objectname) [3ms]
2026-04-15 18:41:12.165 [info] > git status -z -uall [34ms]
2026-04-15 18:41:14.595 [info] > git check-ignore -v -z --stdin [2ms]
2026-04-15 18:41:17.203 [info] > git config --get commit.template [10ms]
2026-04-15 18:41:17.204 [info] > git for-each-ref --format=%(refname)%00%(upstream:short)%00%(objectname)%00%(upstream:track)%00%(upstream:remotename)%00%(upstream:remoteref) refs/heads/main refs/remotes/main [2ms]
2026-04-15 18:41:17.225 [info] > git for-each-ref --sort -committerdate --format %(refname)%00%(objectname)%00%(*objectname) [2ms]
2026-04-15 18:41:17.247 [info] > git status -z -uall [32ms]
2026-04-15 18:41:20.762 [info] > git check-ignore -v -z --stdin [1ms]
2026-04-15 18:41:21.512 [info] > git check-ignore -v -z --stdin [2ms]
2026-04-15 18:41:22.292 [info] > git config --get commit.template [11ms]
2026-04-15 18:41:22.293 [info] > git for-each-ref --format=%(refname)%00%(upstream:short)%00%(objectname)%00%(upstream:track)%00%(upstream:remotename)%00%(upstream:remoteref) refs/heads/main refs/remotes/main [2ms]
2026-04-15 18:41:22.315 [info] > git for-each-ref --sort -committerdate --format %(refname)%00%(objectname)%00%(*objectname) [3ms]
2026-04-15 18:41:22.334 [info] > git status -z -uall [32ms]
2026-04-15 18:41:26.811 [info] > git check-ignore -v -z --stdin [2ms]
2026-04-15 18:41:27.374 [info] > git config --get commit.template [10ms]
2026-04-15 18:41:27.375 [info] > git for-each-ref --format=%(refname)%00%(upstream:short)%00%(objectname)%00%(upstream:track)%00%(upstream:remotename)%00%(upstream:remoteref) refs/heads/main refs/remotes/main [2ms]
2026-04-15 18:41:27.396 [info] > git for-each-ref --sort -committerdate --format %(refname)%00%(objectname)%00%(*objectname) [2ms]
2026-04-15 18:41:27.417 [info] > git status -z -uall [32ms]
2026-04-15 18:41:31.813 [info] > git check-ignore -v -z --stdin [5ms]
2026-04-15 18:41:32.460 [info] > git config --get commit.template [11ms]
2026-04-15 18:41:32.461 [info] > git for-each-ref --format=%(refname)%00%(upstream:short)%00%(objectname)%00%(upstream:track)%00%(upstream:remotename)%00%(upstream:remoteref) refs/heads/main refs/remotes/main [2ms]
2026-04-15 18:41:32.484 [info] > git for-each-ref --sort -committerdate --format %(refname)%00%(objectname)%00%(*objectname) [2ms]
2026-04-15 18:41:32.504 [info] > git status -z -uall [32ms]
2026-04-15 18:41:37.485 [info] > git check-ignore -v -z --stdin [2ms]
2026-04-15 18:41:37.538 [info] > git config --get commit.template [1ms]
2026-04-15 18:41:37.553 [info] > git for-each-ref --format=%(refname)%00%(upstream:short)%00%(objectname)%00%(upstream:track)%00%(upstream:remotename)%00%(upstream:remoteref) refs/heads/main refs/remotes/main [1ms]
2026-04-15 18:41:37.612 [info] > git for-each-ref --sort -committerdate --format %(refname)%00%(objectname)%00%(*objectname) [16ms]
2026-04-15 18:41:37.665 [info] > git status -z -uall [94ms]
2026-04-15 18:41:39.452 [info] > git check-ignore -v -z --stdin [2ms]
2026-04-15 18:41:42.718 [info] > git config --get commit.template [11ms]
2026-04-15 18:41:42.719 [info] > git for-each-ref --format=%(refname)%00%(upstream:short)%00%(objectname)%00%(upstream:track)%00%(upstream:remotename)%00%(upstream:remoteref) refs/heads/main refs/remotes/main [2ms]
2026-04-15 18:41:42.742 [info] > git for-each-ref --sort -committerdate --format %(refname)%00%(objectname)%00%(*objectname) [2ms]
2026-04-15 18:41:42.761 [info] > git status -z -uall [31ms]
2026-04-15 18:41:45.938 [info] > git check-ignore -v -z --stdin [2ms]
2026-04-15 18:41:47.800 [info] > git config --get commit.template [11ms]
2026-04-15 18:41:47.801 [info] > git for-each-ref --format=%(refname)%00%(upstream:short)%00%(objectname)%00%(upstream:track)%00%(upstream:remotename)%00%(upstream:remoteref) refs/heads/main refs/remotes/main [2ms]
2026-04-15 18:41:47.823 [info] > git for-each-ref --sort -committerdate --format %(refname)%00%(objectname)%00%(*objectname) [2ms]
2026-04-15 18:41:47.843 [info] > git status -z -uall [32ms]
2026-04-15 18:41:55.021 [info] > git check-ignore -v -z --stdin [2ms]
2026-04-15 18:42:00.888 [info] > git config --get commit.template [2ms]
2026-04-15 18:42:00.899 [info] > git for-each-ref --format=%(refname)%00%(upstream:short)%00%(objectname)%00%(upstream:track)%00%(upstream:remotename)%00%(upstream:remoteref) refs/heads/main refs/remotes/main [2ms]
2026-04-15 18:42:00.921 [info] > git for-each-ref --sort -committerdate --format %(refname)%00%(objectname)%00%(*objectname) [2ms]
2026-04-15 18:42:00.939 [info] > git status -z -uall [30ms]
2026-04-15 18:42:04.042 [info] > git check-ignore -v -z --stdin [2ms]
2026-04-15 18:42:05.977 [info] > git config --get commit.template [11ms]
2026-04-15 18:42:05.979 [info] > git for-each-ref --format=%(refname)%00%(upstream:short)%00%(objectname)%00%(upstream:track)%00%(upstream:remotename)%00%(upstream:remoteref) refs/heads/main refs/remotes/main [2ms]
2026-04-15 18:42:06.000 [info] > git for-each-ref --sort -committerdate --format %(refname)%00%(objectname)%00%(*objectname) [2ms]
2026-04-15 18:42:06.023 [info] > git status -z -uall [34ms]
2026-04-15 18:42:06.864 [info] > git check-ignore -v -z --stdin [2ms]
2026-04-15 18:42:24.567 [info] > git config --get commit.template [10ms]
2026-04-15 18:42:24.568 [info] > git for-each-ref --format=%(refname)%00%(upstream:short)%00%(objectname)%00%(upstream:track)%00%(upstream:remotename)%00%(upstream:remoteref) refs/heads/main refs/remotes/main [2ms]
2026-04-15 18:42:24.588 [info] > git for-each-ref --sort -committerdate --format %(refname)%00%(objectname)%00%(*objectname) [2ms]
2026-04-15 18:42:24.610 [info] > git status -z -uall [33ms]
2026-04-15 18:42:47.343 [info] > git config --get commit.template [10ms]
2026-04-15 18:42:47.345 [info] > git for-each-ref --format=%(refname)%00%(upstream:short)%00%(objectname)%00%(upstream:track)%00%(upstream:remotename)%00%(upstream:remoteref) refs/heads/main refs/remotes/main [3ms]
2026-04-15 18:42:47.367 [info] > git for-each-ref --sort -committerdate --format %(refname)%00%(objectname)%00%(*objectname) [2ms]
2026-04-15 18:42:47.386 [info] > git status -z -uall [32ms]
2026-04-15 18:42:52.429 [info] > git config --get commit.template [11ms]
2026-04-15 18:42:52.430 [info] > git for-each-ref --format=%(refname)%00%(upstream:short)%00%(objectname)%00%(upstream:track)%00%(upstream:remotename)%00%(upstream:remoteref) refs/heads/main refs/remotes/main [2ms]
2026-04-15 18:42:52.453 [info] > git for-each-ref --sort -committerdate --format %(refname)%00%(objectname)%00%(*objectname) [3ms]
2026-04-15 18:42:52.473 [info] > git status -z -uall [33ms]
2026-04-15 18:43:05.053 [info] > git config --get commit.template [9ms]
2026-04-15 18:43:05.055 [info] > git for-each-ref --format=%(refname)%00%(upstream:short)%00%(objectname)%00%(upstream:track)%00%(upstream:remotename)%00%(upstream:remoteref) refs/heads/main refs/remotes/main [3ms]
2026-04-15 18:43:05.075 [info] > git for-each-ref --sort -committerdate --format %(refname)%00%(objectname)%00%(*objectname) [2ms]
2026-04-15 18:43:05.097 [info] > git status -z -uall [32ms]
2026-04-15 18:43:10.136 [info] > git config --get commit.template [4ms]
2026-04-15 18:43:10.152 [info] > git for-each-ref --format=%(refname)%00%(upstream:short)%00%(objectname)%00%(upstream:track)%00%(upstream:remotename)%00%(upstream:remoteref) refs/heads/main refs/remotes/main [3ms]
2026-04-15 18:43:10.186 [info] > git for-each-ref --sort -committerdate --format %(refname)%00%(objectname)%00%(*objectname) [3ms]
2026-04-15 18:43:10.219 [info] > git status -z -uall [51ms]
2026-04-15 18:43:19.212 [info] > git config --get commit.template [11ms]
2026-04-15 18:43:19.212 [info] > git for-each-ref --format=%(refname)%00%(upstream:short)%00%(objectname)%00%(upstream:track)%00%(upstream:remotename)%00%(upstream:remoteref) refs/heads/main refs/remotes/main [2ms]
2026-04-15 18:43:19.234 [info] > git for-each-ref --sort -committerdate --format %(refname)%00%(objectname)%00%(*objectname) [2ms]
2026-04-15 18:43:19.252 [info] > git status -z -uall [30ms]
2026-04-15 18:43:24.319 [info] > git config --get commit.template [18ms]
2026-04-15 18:43:24.321 [info] > git for-each-ref --format=%(refname)%00%(upstream:short)%00%(objectname)%00%(upstream:track)%00%(upstream:remotename)%00%(upstream:remoteref) refs/heads/main refs/remotes/main [3ms]
2026-04-15 18:43:24.364 [info] > git for-each-ref --sort -committerdate --format %(refname)%00%(objectname)%00%(*objectname) [9ms]
2026-04-15 18:43:24.380 [info] > git status -z -uall [45ms]
2026-04-15 18:43:36.818 [info] > git config --get commit.template [11ms]
2026-04-15 18:43:36.819 [info] > git for-each-ref --format=%(refname)%00%(upstream:short)%00%(objectname)%00%(upstream:track)%00%(upstream:remotename)%00%(upstream:remoteref) refs/heads/main refs/remotes/main [3ms]
2026-04-15 18:43:36.842 [info] > git for-each-ref --sort -committerdate --format %(refname)%00%(objectname)%00%(*objectname) [3ms]
2026-04-15 18:43:36.860 [info] > git status -z -uall [31ms]
2026-04-15 18:43:41.904 [info] > git config --get commit.template [12ms]
2026-04-15 18:43:41.905 [info] > git for-each-ref --format=%(refname)%00%(upstream:short)%00%(objectname)%00%(upstream:track)%00%(upstream:remotename)%00%(upstream:remoteref) refs/heads/main refs/remotes/main [2ms]
2026-04-15 18:43:41.928 [info] > git for-each-ref --sort -committerdate --format %(refname)%00%(objectname)%00%(*objectname) [3ms]
2026-04-15 18:43:41.946 [info] > git status -z -uall [30ms]
2026-04-15 18:43:51.236 [info] > git config --get commit.template [11ms]
2026-04-15 18:43:51.237 [info] > git for-each-ref --format=%(refname)%00%(upstream:short)%00%(objectname)%00%(upstream:track)%00%(upstream:remotename)%00%(upstream:remoteref) refs/heads/main refs/remotes/main [2ms]
2026-04-15 18:43:51.259 [info] > git for-each-ref --sort -committerdate --format %(refname)%00%(objectname)%00%(*objectname) [3ms]
2026-04-15 18:43:51.279 [info] > git status -z -uall [32ms]
2026-04-15 18:43:56.322 [info] > git config --get commit.template [12ms]
2026-04-15 18:43:56.323 [info] > git for-each-ref --format=%(refname)%00%(upstream:short)%00%(objectname)%00%(upstream:track)%00%(upstream:remotename)%00%(upstream:remoteref) refs/heads/main refs/remotes/main [2ms]
2026-04-15 18:43:56.348 [info] > git for-each-ref --sort -committerdate --format %(refname)%00%(objectname)%00%(*objectname) [3ms]
2026-04-15 18:43:56.368 [info] > git status -z -uall [33ms]
2026-04-15 18:44:02.608 [info] > git config --get commit.template [3ms]
2026-04-15 18:44:02.619 [info] > git for-each-ref --format=%(refname)%00%(upstream:short)%00%(objectname)%00%(upstream:track)%00%(upstream:remotename)%00%(upstream:remoteref) refs/heads/main refs/remotes/main [2ms]
2026-04-15 18:44:02.643 [info] > git for-each-ref --sort -committerdate --format %(refname)%00%(objectname)%00%(*objectname) [3ms]
2026-04-15 18:44:02.667 [info] > git status -z -uall [38ms]
2026-04-15 18:45:38.158 [info] > git config --get commit.template [11ms]
2026-04-15 18:45:38.159 [info] > git for-each-ref --format=%(refname)%00%(upstream:short)%00%(objectname)%00%(upstream:track)%00%(upstream:remotename)%00%(upstream:remoteref) refs/heads/main refs/remotes/main [3ms]
2026-04-15 18:45:38.181 [info] > git for-each-ref --sort -committerdate --format %(refname)%00%(objectname)%00%(*objectname) [2ms]
2026-04-15 18:45:38.201 [info] > git status -z -uall [32ms]
2026-04-15 18:45:46.539 [info] > git check-ignore -v -z --stdin [2ms]
2026-04-15 18:45:47.161 [info] > git show --textconv :main.py [23ms]
2026-04-15 18:45:47.163 [info] > git config --get commit.template [5ms]
2026-04-15 18:45:47.163 [info] > git ls-files --stage -- main.py [16ms]
2026-04-15 18:45:47.184 [info] > git cat-file -s 6947bd61620856a32d493f597e57b1737df0b740 [11ms]
2026-04-15 18:45:47.185 [info] > git for-each-ref --format=%(refname)%00%(upstream:short)%00%(objectname)%00%(upstream:track)%00%(upstream:remotename)%00%(upstream:remoteref) refs/heads/main refs/remotes/main [2ms]
2026-04-15 18:45:47.206 [info] > git for-each-ref --sort -committerdate --format %(refname)%00%(objectname)%00%(*objectname) [3ms]
2026-04-15 18:45:47.228 [info] > git status -z -uall [34ms]
2026-04-15 18:45:50.001 [info] > git check-ignore -v -z --stdin [2ms]
2026-04-15 18:45:51.258 [info] > git check-ignore -v -z --stdin [3ms]
2026-04-15 18:45:54.733 [info] > git for-each-ref --format=%(refname)%00%(upstream:short)%00%(objectname)%00%(upstream:track)%00%(upstream:remotename)%00%(upstream:remoteref) refs/heads/main refs/remotes/main [3ms]
2026-04-15 18:45:54.734 [info] > git config --get commit.template [13ms]
2026-04-15 18:45:54.755 [info] > git for-each-ref --sort -committerdate --format %(refname)%00%(objectname)%00%(*objectname) [3ms]
2026-04-15 18:45:54.776 [info] > git status -z -uall [33ms]
2026-04-15 18:45:56.317 [info] > git check-ignore -v -z --stdin [2ms]
2026-04-15 18:46:01.061 [info] > git config --get commit.template [11ms]
2026-04-15 18:46:01.062 [info] > git for-each-ref --format=%(refname)%00%(upstream:short)%00%(objectname)%00%(upstream:track)%00%(upstream:remotename)%00%(upstream:remoteref) refs/heads/main refs/remotes/main [2ms]
2026-04-15 18:46:01.084 [info] > git for-each-ref --sort -committerdate --format %(refname)%00%(objectname)%00%(*objectname) [3ms]
2026-04-15 18:46:01.103 [info] > git status -z -uall [32ms]
2026-04-15 18:46:03.403 [info] > git check-ignore -v -z --stdin [2ms]
2026-04-15 18:48:58.811 [info] > git config --get commit.template [11ms]
2026-04-15 18:48:58.813 [info] > git for-each-ref --format=%(refname)%00%(upstream:short)%00%(objectname)%00%(upstream:track)%00%(upstream:remotename)%00%(upstream:remoteref) refs/heads/main refs/remotes/main [2ms]
2026-04-15 18:48:58.834 [info] > git for-each-ref --sort -committerdate --format %(refname)%00%(objectname)%00%(*objectname) [2ms]
2026-04-15 18:48:58.855 [info] > git status -z -uall [34ms]
2026-04-15 18:49:03.397 [info] > git check-ignore -v -z --stdin [10ms]
2026-04-15 18:49:27.734 [info] > git config --get commit.template [11ms]
2026-04-15 18:49:27.735 [info] > git for-each-ref --format=%(refname)%00%(upstream:short)%00%(objectname)%00%(upstream:track)%00%(upstream:remotename)%00%(upstream:remoteref) refs/heads/main refs/remotes/main [2ms]
2026-04-15 18:49:27.764 [info] > git for-each-ref --sort -committerdate --format %(refname)%00%(objectname)%00%(*objectname) [9ms]
2026-04-15 18:49:27.777 [info] > git status -z -uall [32ms]
2026-04-15 18:49:32.073 [info] > git check-ignore -v -z --stdin [5ms]
2026-04-15 18:49:32.829 [info] > git config --get commit.template [10ms]
2026-04-15 18:49:32.829 [info] > git for-each-ref --format=%(refname)%00%(upstream:short)%00%(objectname)%00%(upstream:track)%00%(upstream:remotename)%00%(upstream:remoteref) refs/heads/main refs/remotes/main [2ms]
2026-04-15 18:49:32.852 [info] > git for-each-ref --sort -committerdate --format %(refname)%00%(objectname)%00%(*objectname) [2ms]
2026-04-15 18:49:32.872 [info] > git status -z -uall [33ms]
2026-04-15 18:49:36.429 [info] > git check-ignore -v -z --stdin [2ms]
2026-04-15 19:00:40.560 [info] > git config --get commit.template [3ms]
2026-04-15 19:00:40.572 [info] > git for-each-ref --format=%(refname)%00%(upstream:short)%00%(objectname)%00%(upstream:track)%00%(upstream:remotename)%00%(upstream:remoteref) refs/heads/main refs/remotes/main [2ms]
2026-04-15 19:00:40.594 [info] > git for-each-ref --sort -committerdate --format %(refname)%00%(objectname)%00%(*objectname) [2ms]
2026-04-15 19:00:40.617 [info] > git status -z -uall [33ms]
2026-04-15 19:00:43.273 [info] > git check-ignore -v -z --stdin [2ms]
2026-04-15 19:00:45.662 [info] > git config --get commit.template [10ms]
2026-04-15 19:00:45.663 [info] > git for-each-ref --format=%(refname)%00%(upstream:short)%00%(objectname)%00%(upstream:track)%00%(upstream:remotename)%00%(upstream:remoteref) refs/heads/main refs/remotes/main [2ms]
2026-04-15 19:00:45.684 [info] > git for-each-ref --sort -committerdate --format %(refname)%00%(objectname)%00%(*objectname) [3ms]
2026-04-15 19:00:45.707 [info] > git status -z -uall [34ms]
2026-04-15 19:00:50.747 [info] > git config --get commit.template [12ms]
2026-04-15 19:00:50.748 [info] > git for-each-ref --format=%(refname)%00%(upstream:short)%00%(objectname)%00%(upstream:track)%00%(upstream:remotename)%00%(upstream:remoteref) refs/heads/main refs/remotes/main [2ms]
2026-04-15 19:00:50.769 [info] > git for-each-ref --sort -committerdate --format %(refname)%00%(objectname)%00%(*objectname) [2ms]
2026-04-15 19:00:50.790 [info] > git status -z -uall [32ms]
2026-04-15 19:01:03.029 [info] > git check-ignore -v -z --stdin [2ms]
2026-04-15 19:01:03.294 [info] > git check-ignore -v -z --stdin [1ms]
